#
# There is insufficient memory for the Java Runtime Environment to continue.
# Native memory allocation (malloc) failed to allocate 1048576 bytes. Error detail: AllocateHeap
# Possible reasons:
#   The system is out of physical RAM or swap space
#   This process is running with CompressedOops enabled, and the Java Heap may be blocking the growth of the native heap
# Possible solutions:
#   Reduce memory load on the system
#   Increase physical memory or swap space
#   Check if swap backing store is full
#   Decrease Java heap size (-Xmx/-Xms)
#   Decrease number of Java threads
#   Decrease Java thread stack sizes (-Xss)
#   Set larger code cache with -XX:ReservedCodeCacheSize=
#   JVM is running with Unscaled Compressed Oops mode in which the Java heap is
#     placed in the first 4GB address space. The Java Heap base address is the
#     maximum limit for the native heap growth. Please use -XX:HeapBaseMinAddress
#     to set the Java Heap base and to place the Java Heap above 4GB virtual address.
# This output file may be truncated or incomplete.
#
#  Out of Memory Error (allocation.cpp:44), pid=17748, tid=27336
#
# JRE version: OpenJDK Runtime Environment Temurin-21.0.10+7 (21.0.10+7) (build 21.0.10+7-LTS)
# Java VM: OpenJDK 64-Bit Server VM Temurin-21.0.10+7 (21.0.10+7-LTS, mixed mode, sharing, tiered, compressed oops, compressed class ptrs, parallel gc, windows-amd64)
# No core dump will be written. Minidumps are not enabled by default on client versions of Windows
#

---------------  S U M M A R Y ------------

Command Line: --add-modules=ALL-SYSTEM --add-opens=java.base/java.util=ALL-UNNAMED --add-opens=java.base/java.lang=ALL-UNNAMED --add-opens=java.base/sun.nio.fs=ALL-UNNAMED -Declipse.application=org.eclipse.jdt.ls.core.id1 -Dosgi.bundles.defaultStartLevel=4 -Declipse.product=org.eclipse.jdt.ls.core.product -Djava.import.generatesMetadataFilesAtProjectRoot=false -DDetectVMInstallationsJob.disabled=true -Dfile.encoding=utf8 -XX:+UseParallelGC -XX:GCTimeRatio=4 -XX:AdaptiveSizePolicyWeight=90 -Dsun.zip.disableMemoryMapping=true -Xmx2G -Xms100m -Xlog:disable -javaagent:c:\Users\asgha\.antigravity\extensions\redhat.java-1.54.0-win32-x64\lombok\lombok-1.18.39-4050.jar -XX:+HeapDumpOnOutOfMemoryError -XX:HeapDumpPath=c:\Users\asgha\AppData\Roaming\Antigravity\User\workspaceStorage\809475b4d48e94bcb1ae06d7f4424946\redhat.java -Daether.dependencyCollector.impl=bf c:\Users\asgha\.antigravity\extensions\redhat.java-1.54.0-win32-x64\server\plugins\org.eclipse.equinox.launcher_1.7.100.v20251111-0406.jar -configuration c:\Users\asgha\AppData\Roaming\Antigravity\User\globalStorage\redhat.java\1.54.0\config_win -data c:\Users\asgha\AppData\Roaming\Antigravity\User\workspaceStorage\809475b4d48e94bcb1ae06d7f4424946\redhat.java\jdt_ws --pipe=\\.\pipe\lsp-406b4d216ee69ae28ba83a4d4ed54691-sock

Host: AMD Ryzen 5 7535HS with Radeon Graphics        , 12 cores, 7G,  Windows 11 , 64 bit Build 26100 (10.0.26100.8328)
Time: Sun May 10 18:50:00 2026 Pakistan Standard Time elapsed time: 1232.534025 seconds (0d 0h 20m 32s)

---------------  T H R E A D  ---------------

Current thread (0x000001f414589ef0):  JavaThread "Attach Listener" daemon [_thread_in_vm, id=27336, stack(0x00000096f4900000,0x00000096f4a00000) (1024K)]

Stack: [0x00000096f4900000,0x00000096f4a00000]
Native frames: (J=compiled Java code, j=interpreted, Vv=VM code, C=native code)
V  [jvm.dll+0x6d7a39]
V  [jvm.dll+0x8b4b26]
V  [jvm.dll+0x8b70de]
V  [jvm.dll+0x8b77c3]
V  [jvm.dll+0x284346]
V  [jvm.dll+0xc1277]
V  [jvm.dll+0x6d82e9]
V  [jvm.dll+0x1334a6]
V  [jvm.dll+0x3f857e]
V  [jvm.dll+0x85f59d]
V  [jvm.dll+0x6d626d]
C  [ucrtbase.dll+0x37b0]
C  [KERNEL32.DLL+0x2e957]
C  [ntdll.dll+0x427c]


---------------  P R O C E S S  ---------------

Threads class SMR info:
_java_thread_list=0x000001f473c04e80, length=38, elements={
0x000001f412008a60, 0x000001f41448e0a0, 0x000001f414584c50, 0x000001f414587100,
0x000001f414589ef0, 0x000001f41458a950, 0x000001f41458b3b0, 0x000001f41458f760,
0x000001f41459d960, 0x000001f46d3d8c90, 0x000001f46d5607a0, 0x000001f473199040,
0x000001f46e814c50, 0x000001f46d431d50, 0x000001f46d432790, 0x000001f4733b4700,
0x000001f473255a40, 0x000001f46d53ee90, 0x000001f46d427170, 0x000001f46d425730,
0x000001f46d427800, 0x000001f474bbde40, 0x000001f474bbe4d0, 0x000001f474bbc400,
0x000001f474bbb050, 0x000001f474bbca90, 0x000001f474bbd120, 0x000001f474bbd7b0,
0x000001f474bbeb60, 0x000001f474bbb6e0, 0x000001f474bbf1f0, 0x000001f474bbbd70,
0x000001f474bc1fe0, 0x000001f474bc05a0, 0x000001f474bc2670, 0x000001f474bbf880,
0x000001f474bbff10, 0x000001f4757090e0
}

Java Threads: ( => current thread )
  0x000001f412008a60 JavaThread "main"                              [_thread_blocked, id=9928, stack(0x00000096f4200000,0x00000096f4300000) (1024K)]
  0x000001f41448e0a0 JavaThread "Reference Handler"          daemon [_thread_blocked, id=11704, stack(0x00000096f4600000,0x00000096f4700000) (1024K)]
  0x000001f414584c50 JavaThread "Finalizer"                  daemon [_thread_blocked, id=9888, stack(0x00000096f4700000,0x00000096f4800000) (1024K)]
  0x000001f414587100 JavaThread "Signal Dispatcher"          daemon [_thread_blocked, id=8176, stack(0x00000096f4800000,0x00000096f4900000) (1024K)]
=>0x000001f414589ef0 JavaThread "Attach Listener"            daemon [_thread_in_vm, id=27336, stack(0x00000096f4900000,0x00000096f4a00000) (1024K)]
  0x000001f41458a950 JavaThread "Service Thread"             daemon [_thread_blocked, id=11096, stack(0x00000096f4a00000,0x00000096f4b00000) (1024K)]
  0x000001f41458b3b0 JavaThread "Monitor Deflation Thread"   daemon [_thread_blocked, id=28044, stack(0x00000096f4b00000,0x00000096f4c00000) (1024K)]
  0x000001f41458f760 JavaThread "C2 CompilerThread0"         daemon [_thread_blocked, id=12356, stack(0x00000096f4c00000,0x00000096f4d00000) (1024K)]
  0x000001f41459d960 JavaThread "C1 CompilerThread0"         daemon [_thread_blocked, id=8156, stack(0x00000096f4d00000,0x00000096f4e00000) (1024K)]
  0x000001f46d3d8c90 JavaThread "Common-Cleaner"             daemon [_thread_blocked, id=24524, stack(0x00000096f4e00000,0x00000096f4f00000) (1024K)]
  0x000001f46d5607a0 JavaThread "Notification Thread"        daemon [_thread_blocked, id=5380, stack(0x00000096f5000000,0x00000096f5100000) (1024K)]
  0x000001f473199040 JavaThread "Active Thread: Equinox Container: ac8dbc18-7723-4145-9ca9-643d792c8800"        [_thread_blocked, id=24996, stack(0x00000096f5700000,0x00000096f5800000) (1024K)]
  0x000001f46e814c50 JavaThread "Refresh Thread: Equinox Container: ac8dbc18-7723-4145-9ca9-643d792c8800" daemon [_thread_blocked, id=24724, stack(0x00000096f5800000,0x00000096f5900000) (1024K)]
  0x000001f46d431d50 JavaThread "Framework Event Dispatcher: Equinox Container: ac8dbc18-7723-4145-9ca9-643d792c8800" daemon [_thread_blocked, id=6856, stack(0x00000096f5900000,0x00000096f5a00000) (1024K)]
  0x000001f46d432790 JavaThread "Start Level: Equinox Container: ac8dbc18-7723-4145-9ca9-643d792c8800" daemon [_thread_blocked, id=23796, stack(0x00000096f5a00000,0x00000096f5b00000) (1024K)]
  0x000001f4733b4700 JavaThread "Bundle File Closer"         daemon [_thread_blocked, id=12836, stack(0x00000096f5d00000,0x00000096f5e00000) (1024K)]
  0x000001f473255a40 JavaThread "SCR Component Actor"        daemon [_thread_blocked, id=17072, stack(0x00000096f5e00000,0x00000096f5f00000) (1024K)]
  0x000001f46d53ee90 JavaThread "Worker-JM"                         [_thread_blocked, id=15948, stack(0x00000096f6100000,0x00000096f6200000) (1024K)]
  0x000001f46d427170 JavaThread "JNA Cleaner"                daemon [_thread_blocked, id=12140, stack(0x00000096f6000000,0x00000096f6100000) (1024K)]
  0x000001f46d425730 JavaThread "Java indexing"              daemon [_thread_blocked, id=5912, stack(0x00000096f6500000,0x00000096f6600000) (1024K)]
  0x000001f46d427800 JavaThread "Worker-3"                          [_thread_blocked, id=22396, stack(0x00000096f6900000,0x00000096f6a00000) (1024K)]
  0x000001f474bbde40 JavaThread "Thread-1"                   daemon [_thread_in_native, id=8856, stack(0x00000096f6a00000,0x00000096f6b00000) (1024K)]
  0x000001f474bbe4d0 JavaThread "Thread-2"                   daemon [_thread_in_native, id=11824, stack(0x00000096f6b00000,0x00000096f6c00000) (1024K)]
  0x000001f474bbc400 JavaThread "Thread-3"                   daemon [_thread_in_native, id=9824, stack(0x00000096f6c00000,0x00000096f6d00000) (1024K)]
  0x000001f474bbb050 JavaThread "Thread-4"                   daemon [_thread_in_native, id=25648, stack(0x00000096f6d00000,0x00000096f6e00000) (1024K)]
  0x000001f474bbca90 JavaThread "Thread-5"                   daemon [_thread_in_native, id=30616, stack(0x00000096f6e00000,0x00000096f6f00000) (1024K)]
  0x000001f474bbd120 JavaThread "Thread-6"                   daemon [_thread_in_native, id=30164, stack(0x00000096f6f00000,0x00000096f7000000) (1024K)]
  0x000001f474bbd7b0 JavaThread "Thread-7"                   daemon [_thread_in_native, id=6872, stack(0x00000096f7000000,0x00000096f7100000) (1024K)]
  0x000001f474bbeb60 JavaThread "Thread-8"                   daemon [_thread_in_native, id=24644, stack(0x00000096f7100000,0x00000096f7200000) (1024K)]
  0x000001f474bbb6e0 JavaThread "Thread-9"                   daemon [_thread_in_native, id=952, stack(0x00000096f7200000,0x00000096f7300000) (1024K)]
  0x000001f474bbf1f0 JavaThread "Thread-10"                  daemon [_thread_in_native, id=7912, stack(0x00000096f7300000,0x00000096f7400000) (1024K)]
  0x000001f474bbbd70 JavaThread "Thread-11"                  daemon [_thread_in_native, id=4584, stack(0x00000096f7400000,0x00000096f7500000) (1024K)]
  0x000001f474bc1fe0 JavaThread "Thread-12"                  daemon [_thread_in_native, id=23456, stack(0x00000096f7500000,0x00000096f7600000) (1024K)]
  0x000001f474bc05a0 JavaThread "Thread-13"                  daemon [_thread_in_native, id=8860, stack(0x00000096f7600000,0x00000096f7700000) (1024K)]
  0x000001f474bc2670 JavaThread "pool-2-thread-1"                   [_thread_blocked, id=30252, stack(0x00000096f7700000,0x00000096f7800000) (1024K)]
  0x000001f474bbf880 JavaThread "WorkspaceEventsHandler"            [_thread_blocked, id=17620, stack(0x00000096f7800000,0x00000096f7900000) (1024K)]
  0x000001f474bbff10 JavaThread "pool-1-thread-1"                   [_thread_blocked, id=21852, stack(0x00000096f7900000,0x00000096f7a00000) (1024K)]
  0x000001f4757090e0 JavaThread "Worker-4"                          [_thread_blocked, id=5916, stack(0x00000096f4000000,0x00000096f4100000) (1024K)]
Total: 38

Other Threads:
  0x000001f46d2514a0 VMThread "VM Thread"                           [id=30552, stack(0x00000096f4500000,0x00000096f4600000) (1024K)]
  0x000001f41436ca00 WatcherThread "VM Periodic Task Thread"        [id=5844, stack(0x00000096f4400000,0x00000096f4500000) (1024K)]
  0x000001f4144fc7d0 WorkerThread "GC Thread#0"                     [id=12648, stack(0x00000096f4300000,0x00000096f4400000) (1024K)]
  0x000001f46e65e360 WorkerThread "GC Thread#1"                     [id=19008, stack(0x00000096f5100000,0x00000096f5200000) (1024K)]
  0x000001f47306f960 WorkerThread "GC Thread#2"                     [id=10664, stack(0x00000096f5200000,0x00000096f5300000) (1024K)]
  0x000001f46e2bace0 WorkerThread "GC Thread#3"                     [id=17024, stack(0x00000096f5300000,0x00000096f5400000) (1024K)]
  0x000001f46e2bb090 WorkerThread "GC Thread#4"                     [id=28652, stack(0x00000096f5400000,0x00000096f5500000) (1024K)]
  0x000001f46e479b70 WorkerThread "GC Thread#5"                     [id=3804, stack(0x00000096f5500000,0x00000096f5600000) (1024K)]
  0x000001f46e479f20 WorkerThread "GC Thread#6"                     [id=2168, stack(0x00000096f5600000,0x00000096f5700000) (1024K)]
  0x000001f4144dee50 WorkerThread "GC Thread#7"                     [id=15200, stack(0x00000096f4f00000,0x00000096f5000000) (1024K)]
  0x000001f473187bb0 WorkerThread "GC Thread#8"                     [id=18792, stack(0x00000096f5b00000,0x00000096f5c00000) (1024K)]
  0x000001f4731eecc0 WorkerThread "GC Thread#9"                     [id=31300, stack(0x00000096f5c00000,0x00000096f5d00000) (1024K)]
Total: 12

Threads with active compile tasks:
Total: 0

VM state: not at safepoint (normal execution)

VM Mutex/Monitor currently owned by a thread: None

Heap address: 0x0000000080000000, size: 2048 MB, Compressed Oops mode: 32-bit

CDS archive(s) mapped at: [0x000001f42b000000-0x000001f42bba0000-0x000001f42bba0000), size 12189696, SharedBaseAddress: 0x000001f42b000000, ArchiveRelocationMode: 1.
Compressed class space mapped at: 0x000001f42c000000-0x000001f46c000000, reserved size: 1073741824
Narrow klass base: 0x000001f42b000000, Narrow klass shift: 0, Narrow klass range: 0x100000000

GC Precious Log:
 CardTable entry size: 512
 CPUs: 12 total, 12 available
 Memory: 7381M
 Large Page Support: Disabled
 NUMA Support: Disabled
 Compressed Oops: Enabled (32-bit)
 Alignments: Space 512K, Generation 512K, Heap 2M
 Heap Min Capacity: 100M
 Heap Initial Capacity: 100M
 Heap Max Capacity: 2G
 Pre-touch: Disabled
 Parallel Workers: 10

Heap:
 PSYoungGen      total 18432K, used 16529K [0x00000000d5580000, 0x00000000d6980000, 0x0000000100000000)
  eden space 17920K, 89% used [0x00000000d5580000,0x00000000d65285d0,0x00000000d6700000)
  from space 512K, 96% used [0x00000000d6900000,0x00000000d697be78,0x00000000d6980000)
  to   space 1024K, 0% used [0x00000000d6780000,0x00000000d6780000,0x00000000d6880000)
 ParOldGen       total 68608K, used 49205K [0x0000000080000000, 0x0000000084300000, 0x00000000d5580000)
  object space 68608K, 71% used [0x0000000080000000,0x000000008300d690,0x0000000084300000)
 Metaspace       used 64605K, committed 66112K, reserved 1114112K
  class space    used 6901K, committed 7552K, reserved 1048576K

Card table byte_map: [0x000001f413e80000,0x000001f414290000] _byte_map_base: 0x000001f413a80000

Marking Bits: (ParMarkBitMap*) 0x00007ffa66cd3450
 Begin Bits: [0x000001f426990000, 0x000001f428990000)
 End Bits:   [0x000001f428990000, 0x000001f42a990000)

Polling page: 0x000001f412310000

Metaspace:

Usage:
  Non-class:     56.35 MB used.
      Class:      6.74 MB used.
       Both:     63.09 MB used.

Virtual space:
  Non-class space:       64.00 MB reserved,      57.19 MB ( 89%) committed,  1 nodes.
      Class space:        1.00 GB reserved,       7.38 MB ( <1%) committed,  1 nodes.
             Both:        1.06 GB reserved,      64.56 MB (  6%) committed. 

Chunk freelists:
   Non-Class:  6.42 MB
       Class:  8.61 MB
        Both:  15.03 MB

MaxMetaspaceSize: unlimited
CompressedClassSpaceSize: 1.00 GB
Initial GC threshold: 21.00 MB
Current GC threshold: 97.31 MB
CDS: on
 - commit_granule_bytes: 65536.
 - commit_granule_words: 8192.
 - virtual_space_node_default_size: 8388608.
 - enlarge_chunks_in_place: 1.
 - use_allocation_guard: 0.


Internal statistics:

num_allocs_failed_limit: 9.
num_arena_births: 1266.
num_arena_deaths: 18.
num_vsnodes_births: 2.
num_vsnodes_deaths: 0.
num_space_committed: 1033.
num_space_uncommitted: 0.
num_chunks_returned_to_freelist: 29.
num_chunks_taken_from_freelist: 4370.
num_chunk_merges: 17.
num_chunk_splits: 2656.
num_chunks_enlarged: 1494.
num_inconsistent_stats: 0.

CodeHeap 'non-profiled nmethods': size=120000Kb used=5170Kb max_used=5170Kb free=114829Kb
 bounds [0x000001f41f1b0000, 0x000001f41f6c0000, 0x000001f4266e0000]
CodeHeap 'profiled nmethods': size=120000Kb used=22253Kb max_used=22253Kb free=97747Kb
 bounds [0x000001f4176e0000, 0x000001f418ca0000, 0x000001f41ec10000]
CodeHeap 'non-nmethods': size=5760Kb used=1437Kb max_used=1513Kb free=4322Kb
 bounds [0x000001f41ec10000, 0x000001f41ee80000, 0x000001f41f1b0000]
CodeCache: size=245760Kb, used=28860Kb, max_used=28936Kb, free=216898Kb
 total_blobs=10718, nmethods=9972, adapters=651, full_count=0
Compilation: enabled, stopped_count=0, restarted_count=0

Compilation events (20 events):
Event: 1112.030 Thread 0x000001f41459d960 10729       3       java.util.concurrent.ScheduledThreadPoolExecutor$DelayedWorkQueue::take (5 bytes)
Event: 1112.038 Thread 0x000001f41459d960 nmethod 10729 0x000001f418c95810 code [0x000001f418c959c0, 0x000001f418c95b18]
Event: 1112.038 Thread 0x000001f41459d960 10730   !   3       java.util.concurrent.ScheduledThreadPoolExecutor$DelayedWorkQueue::take (203 bytes)
Event: 1112.084 Thread 0x000001f41459d960 nmethod 10730 0x000001f418c95c10 code [0x000001f418c95fe0, 0x000001f418c97880]
Event: 1112.151 Thread 0x000001f41459d960 10731       3       java.util.concurrent.ScheduledThreadPoolExecutor::triggerTime (22 bytes)
Event: 1112.151 Thread 0x000001f41459d960 nmethod 10731 0x000001f418c98390 code [0x000001f418c98540, 0x000001f418c98720]
Event: 1112.152 Thread 0x000001f41459d960 10732       3       java.util.concurrent.ScheduledThreadPoolExecutor$DelayedWorkQueue::add (9 bytes)
Event: 1112.153 Thread 0x000001f41459d960 nmethod 10732 0x000001f418c98810 code [0x000001f418c989e0, 0x000001f418c98cb8]
Event: 1112.153 Thread 0x000001f41459d960 10733       3       java.util.concurrent.ScheduledThreadPoolExecutor$DelayedWorkQueue::add (6 bytes)
Event: 1112.153 Thread 0x000001f41459d960 nmethod 10733 0x000001f418c98d90 code [0x000001f418c98f40, 0x000001f418c99098]
Event: 1142.042 Thread 0x000001f41459d960 10734       3       java.util.concurrent.locks.AbstractQueuedSynchronizer$ConditionObject::unlinkCancelledWaiters (91 bytes)
Event: 1142.048 Thread 0x000001f41459d960 nmethod 10734 0x000001f418c99190 code [0x000001f418c99340, 0x000001f418c996d0]
Event: 1142.048 Thread 0x000001f41459d960 10735       3       java.util.concurrent.ScheduledThreadPoolExecutor$ScheduledFutureTask::run (57 bytes)
Event: 1142.053 Thread 0x000001f41459d960 nmethod 10735 0x000001f418c99810 code [0x000001f418c99a40, 0x000001f418c99fb0]
Event: 1220.054 Thread 0x000001f41459d960 10736       3       java.util.HashMap::afterNodeAccess (1 bytes)
Event: 1220.068 Thread 0x000001f41459d960 nmethod 10736 0x000001f418c9a190 code [0x000001f418c9a320, 0x000001f418c9a428]
Event: 1220.069 Thread 0x000001f41459d960 10738       3       org.eclipse.core.internal.dtree.AbstractDataTreeNode::storeStrings (42 bytes)
Event: 1220.090 Thread 0x000001f41459d960 nmethod 10738 0x000001f418c9a490 code [0x000001f418c9a660, 0x000001f418c9a9d8]
Event: 1220.090 Thread 0x000001f41459d960 10737       3       org.eclipse.core.internal.utils.StringPool::add (50 bytes)
Event: 1220.108 Thread 0x000001f41459d960 nmethod 10737 0x000001f418c9ab90 code [0x000001f418c9ad80, 0x000001f418c9b250]

GC Heap History (20 events):
Event: 32.402 GC heap before
{Heap before GC invocations=36 (full 2):
 PSYoungGen      total 19456K, used 19438K [0x00000000d5580000, 0x00000000d7300000, 0x0000000100000000)
  eden space 17920K, 100% used [0x00000000d5580000,0x00000000d6700000,0x00000000d6700000)
  from space 1536K, 98% used [0x00000000d6700000,0x00000000d687ba40,0x00000000d6880000)
  to   space 6144K, 0% used [0x00000000d6d00000,0x00000000d6d00000,0x00000000d7300000)
 ParOldGen       total 68608K, used 46851K [0x0000000080000000, 0x0000000084300000, 0x00000000d5580000)
  object space 68608K, 68% used [0x0000000080000000,0x0000000082dc0ce8,0x0000000084300000)
 Metaspace       used 57512K, committed 58880K, reserved 1114112K
  class space    used 6218K, committed 6784K, reserved 1048576K
}
Event: 32.405 GC heap after
{Heap after GC invocations=36 (full 2):
 PSYoungGen      total 19456K, used 1131K [0x00000000d5580000, 0x00000000d6e80000, 0x0000000100000000)
  eden space 17920K, 0% used [0x00000000d5580000,0x00000000d5580000,0x00000000d6700000)
  from space 1536K, 73% used [0x00000000d6d00000,0x00000000d6e1ac70,0x00000000d6e80000)
  to   space 2560K, 0% used [0x00000000d6980000,0x00000000d6980000,0x00000000d6c00000)
 ParOldGen       total 68608K, used 48353K [0x0000000080000000, 0x0000000084300000, 0x00000000d5580000)
  object space 68608K, 70% used [0x0000000080000000,0x0000000082f38488,0x0000000084300000)
 Metaspace       used 57512K, committed 58880K, reserved 1114112K
  class space    used 6218K, committed 6784K, reserved 1048576K
}
Event: 32.511 GC heap before
{Heap before GC invocations=37 (full 2):
 PSYoungGen      total 19456K, used 19051K [0x00000000d5580000, 0x00000000d6e80000, 0x0000000100000000)
  eden space 17920K, 100% used [0x00000000d5580000,0x00000000d6700000,0x00000000d6700000)
  from space 1536K, 73% used [0x00000000d6d00000,0x00000000d6e1ac70,0x00000000d6e80000)
  to   space 2560K, 0% used [0x00000000d6980000,0x00000000d6980000,0x00000000d6c00000)
 ParOldGen       total 68608K, used 48353K [0x0000000080000000, 0x0000000084300000, 0x00000000d5580000)
  object space 68608K, 70% used [0x0000000080000000,0x0000000082f38488,0x0000000084300000)
 Metaspace       used 57918K, committed 59264K, reserved 1114112K
  class space    used 6277K, committed 6848K, reserved 1048576K
}
Event: 32.514 GC heap after
{Heap after GC invocations=37 (full 2):
 PSYoungGen      total 20480K, used 707K [0x00000000d5580000, 0x00000000d6d80000, 0x0000000100000000)
  eden space 17920K, 0% used [0x00000000d5580000,0x00000000d5580000,0x00000000d6700000)
  from space 2560K, 27% used [0x00000000d6980000,0x00000000d6a30e18,0x00000000d6c00000)
  to   space 1536K, 0% used [0x00000000d6c00000,0x00000000d6c00000,0x00000000d6d80000)
 ParOldGen       total 68608K, used 49257K [0x0000000080000000, 0x0000000084300000, 0x00000000d5580000)
  object space 68608K, 71% used [0x0000000080000000,0x000000008301a468,0x0000000084300000)
 Metaspace       used 57918K, committed 59264K, reserved 1114112K
  class space    used 6277K, committed 6848K, reserved 1048576K
}
Event: 32.612 GC heap before
{Heap before GC invocations=38 (full 2):
 PSYoungGen      total 20480K, used 12033K [0x00000000d5580000, 0x00000000d6d80000, 0x0000000100000000)
  eden space 17920K, 63% used [0x00000000d5580000,0x00000000d608f720,0x00000000d6700000)
  from space 2560K, 27% used [0x00000000d6980000,0x00000000d6a30e18,0x00000000d6c00000)
  to   space 1536K, 0% used [0x00000000d6c00000,0x00000000d6c00000,0x00000000d6d80000)
 ParOldGen       total 68608K, used 49257K [0x0000000080000000, 0x0000000084300000, 0x00000000d5580000)
  object space 68608K, 71% used [0x0000000080000000,0x000000008301a468,0x0000000084300000)
 Metaspace       used 58345K, committed 59776K, reserved 1114112K
  class space    used 6318K, committed 6912K, reserved 1048576K
}
Event: 32.616 GC heap after
{Heap after GC invocations=38 (full 2):
 PSYoungGen      total 19456K, used 1149K [0x00000000d5580000, 0x00000000d6d80000, 0x0000000100000000)
  eden space 17920K, 0% used [0x00000000d5580000,0x00000000d5580000,0x00000000d6700000)
  from space 1536K, 74% used [0x00000000d6c00000,0x00000000d6d1f5e0,0x00000000d6d80000)
  to   space 1536K, 0% used [0x00000000d6a80000,0x00000000d6a80000,0x00000000d6c00000)
 ParOldGen       total 68608K, used 49679K [0x0000000080000000, 0x0000000084300000, 0x00000000d5580000)
  object space 68608K, 72% used [0x0000000080000000,0x0000000083083ca0,0x0000000084300000)
 Metaspace       used 58345K, committed 59776K, reserved 1114112K
  class space    used 6318K, committed 6912K, reserved 1048576K
}
Event: 32.616 GC heap before
{Heap before GC invocations=39 (full 3):
 PSYoungGen      total 19456K, used 1149K [0x00000000d5580000, 0x00000000d6d80000, 0x0000000100000000)
  eden space 17920K, 0% used [0x00000000d5580000,0x00000000d5580000,0x00000000d6700000)
  from space 1536K, 74% used [0x00000000d6c00000,0x00000000d6d1f5e0,0x00000000d6d80000)
  to   space 1536K, 0% used [0x00000000d6a80000,0x00000000d6a80000,0x00000000d6c00000)
 ParOldGen       total 68608K, used 49679K [0x0000000080000000, 0x0000000084300000, 0x00000000d5580000)
  object space 68608K, 72% used [0x0000000080000000,0x0000000083083ca0,0x0000000084300000)
 Metaspace       used 58345K, committed 59776K, reserved 1114112K
  class space    used 6318K, committed 6912K, reserved 1048576K
}
Event: 32.733 GC heap after
{Heap after GC invocations=39 (full 3):
 PSYoungGen      total 19456K, used 0K [0x00000000d5580000, 0x00000000d6d80000, 0x0000000100000000)
  eden space 17920K, 0% used [0x00000000d5580000,0x00000000d5580000,0x00000000d6700000)
  from space 1536K, 0% used [0x00000000d6c00000,0x00000000d6c00000,0x00000000d6d80000)
  to   space 1536K, 0% used [0x00000000d6a80000,0x00000000d6a80000,0x00000000d6c00000)
 ParOldGen       total 68608K, used 42577K [0x0000000080000000, 0x0000000084300000, 0x00000000d5580000)
  object space 68608K, 62% used [0x0000000080000000,0x0000000082994470,0x0000000084300000)
 Metaspace       used 58342K, committed 59776K, reserved 1114112K
  class space    used 6317K, committed 6912K, reserved 1048576K
}
Event: 33.029 GC heap before
{Heap before GC invocations=40 (full 3):
 PSYoungGen      total 19456K, used 17920K [0x00000000d5580000, 0x00000000d6d80000, 0x0000000100000000)
  eden space 17920K, 100% used [0x00000000d5580000,0x00000000d6700000,0x00000000d6700000)
  from space 1536K, 0% used [0x00000000d6c00000,0x00000000d6c00000,0x00000000d6d80000)
  to   space 1536K, 0% used [0x00000000d6a80000,0x00000000d6a80000,0x00000000d6c00000)
 ParOldGen       total 68608K, used 42577K [0x0000000080000000, 0x0000000084300000, 0x00000000d5580000)
  object space 68608K, 62% used [0x0000000080000000,0x0000000082994470,0x0000000084300000)
 Metaspace       used 60053K, committed 61440K, reserved 1114112K
  class space    used 6525K, committed 7104K, reserved 1048576K
}
Event: 33.031 GC heap after
{Heap after GC invocations=40 (full 3):
 PSYoungGen      total 19456K, used 1439K [0x00000000d5580000, 0x00000000d6c80000, 0x0000000100000000)
  eden space 17920K, 0% used [0x00000000d5580000,0x00000000d5580000,0x00000000d6700000)
  from space 1536K, 93% used [0x00000000d6a80000,0x00000000d6be7df0,0x00000000d6c00000)
  to   space 512K, 0% used [0x00000000d6c00000,0x00000000d6c00000,0x00000000d6c80000)
 ParOldGen       total 68608K, used 42585K [0x0000000080000000, 0x0000000084300000, 0x00000000d5580000)
  object space 68608K, 62% used [0x0000000080000000,0x0000000082996470,0x0000000084300000)
 Metaspace       used 60053K, committed 61440K, reserved 1114112K
  class space    used 6525K, committed 7104K, reserved 1048576K
}
Event: 33.327 GC heap before
{Heap before GC invocations=41 (full 3):
 PSYoungGen      total 19456K, used 19359K [0x00000000d5580000, 0x00000000d6c80000, 0x0000000100000000)
  eden space 17920K, 99% used [0x00000000d5580000,0x00000000d66fffb8,0x00000000d6700000)
  from space 1536K, 93% used [0x00000000d6a80000,0x00000000d6be7df0,0x00000000d6c00000)
  to   space 512K, 0% used [0x00000000d6c00000,0x00000000d6c00000,0x00000000d6c80000)
 ParOldGen       total 68608K, used 42585K [0x0000000080000000, 0x0000000084300000, 0x00000000d5580000)
  object space 68608K, 62% used [0x0000000080000000,0x0000000082996470,0x0000000084300000)
 Metaspace       used 61304K, committed 62656K, reserved 1114112K
  class space    used 6652K, committed 7232K, reserved 1048576K
}
Event: 33.328 GC heap after
{Heap after GC invocations=41 (full 3):
 PSYoungGen      total 18432K, used 500K [0x00000000d5580000, 0x00000000d6e00000, 0x0000000100000000)
  eden space 17920K, 0% used [0x00000000d5580000,0x00000000d5580000,0x00000000d6700000)
  from space 512K, 97% used [0x00000000d6c00000,0x00000000d6c7d2c8,0x00000000d6c80000)
  to   space 3584K, 0% used [0x00000000d6700000,0x00000000d6700000,0x00000000d6a80000)
 ParOldGen       total 68608K, used 45158K [0x0000000080000000, 0x0000000084300000, 0x00000000d5580000)
  object space 68608K, 65% used [0x0000000080000000,0x0000000082c19970,0x0000000084300000)
 Metaspace       used 61304K, committed 62656K, reserved 1114112K
  class space    used 6652K, committed 7232K, reserved 1048576K
}
Event: 33.511 GC heap before
{Heap before GC invocations=42 (full 3):
 PSYoungGen      total 18432K, used 18414K [0x00000000d5580000, 0x00000000d6e00000, 0x0000000100000000)
  eden space 17920K, 99% used [0x00000000d5580000,0x00000000d66fe7f8,0x00000000d6700000)
  from space 512K, 97% used [0x00000000d6c00000,0x00000000d6c7d2c8,0x00000000d6c80000)
  to   space 3584K, 0% used [0x00000000d6700000,0x00000000d6700000,0x00000000d6a80000)
 ParOldGen       total 68608K, used 45158K [0x0000000080000000, 0x0000000084300000, 0x00000000d5580000)
  object space 68608K, 65% used [0x0000000080000000,0x0000000082c19970,0x0000000084300000)
 Metaspace       used 62024K, committed 63488K, reserved 1114112K
  class space    used 6724K, committed 7360K, reserved 1048576K
}
Event: 33.514 GC heap after
{Heap after GC invocations=42 (full 3):
 PSYoungGen      total 20992K, used 2968K [0x00000000d5580000, 0x00000000d6d00000, 0x0000000100000000)
  eden space 17920K, 0% used [0x00000000d5580000,0x00000000d5580000,0x00000000d6700000)
  from space 3072K, 96% used [0x00000000d6700000,0x00000000d69e6208,0x00000000d6a00000)
  to   space 3072K, 0% used [0x00000000d6a00000,0x00000000d6a00000,0x00000000d6d00000)
 ParOldGen       total 68608K, used 45659K [0x0000000080000000, 0x0000000084300000, 0x00000000d5580000)
  object space 68608K, 66% used [0x0000000080000000,0x0000000082c96e48,0x0000000084300000)
 Metaspace       used 62024K, committed 63488K, reserved 1114112K
  class space    used 6724K, committed 7360K, reserved 1048576K
}
Event: 33.721 GC heap before
{Heap before GC invocations=43 (full 3):
 PSYoungGen      total 20992K, used 20888K [0x00000000d5580000, 0x00000000d6d00000, 0x0000000100000000)
  eden space 17920K, 100% used [0x00000000d5580000,0x00000000d6700000,0x00000000d6700000)
  from space 3072K, 96% used [0x00000000d6700000,0x00000000d69e6208,0x00000000d6a00000)
  to   space 3072K, 0% used [0x00000000d6a00000,0x00000000d6a00000,0x00000000d6d00000)
 ParOldGen       total 68608K, used 45659K [0x0000000080000000, 0x0000000084300000, 0x00000000d5580000)
  object space 68608K, 66% used [0x0000000080000000,0x0000000082c96e48,0x0000000084300000)
 Metaspace       used 62913K, committed 64384K, reserved 1114112K
  class space    used 6796K, committed 7424K, reserved 1048576K
}
Event: 33.723 GC heap after
{Heap after GC invocations=43 (full 3):
 PSYoungGen      total 19456K, used 1366K [0x00000000d5580000, 0x00000000d6b80000, 0x0000000100000000)
  eden space 17920K, 0% used [0x00000000d5580000,0x00000000d5580000,0x00000000d6700000)
  from space 1536K, 88% used [0x00000000d6a00000,0x00000000d6b55bc8,0x00000000d6b80000)
  to   space 2048K, 0% used [0x00000000d6780000,0x00000000d6780000,0x00000000d6980000)
 ParOldGen       total 68608K, used 47065K [0x0000000080000000, 0x0000000084300000, 0x00000000d5580000)
  object space 68608K, 68% used [0x0000000080000000,0x0000000082df6690,0x0000000084300000)
 Metaspace       used 62913K, committed 64384K, reserved 1114112K
  class space    used 6796K, committed 7424K, reserved 1048576K
}
Event: 33.916 GC heap before
{Heap before GC invocations=44 (full 3):
 PSYoungGen      total 19456K, used 19286K [0x00000000d5580000, 0x00000000d6b80000, 0x0000000100000000)
  eden space 17920K, 100% used [0x00000000d5580000,0x00000000d6700000,0x00000000d6700000)
  from space 1536K, 88% used [0x00000000d6a00000,0x00000000d6b55bc8,0x00000000d6b80000)
  to   space 2048K, 0% used [0x00000000d6780000,0x00000000d6780000,0x00000000d6980000)
 ParOldGen       total 68608K, used 47065K [0x0000000080000000, 0x0000000084300000, 0x00000000d5580000)
  object space 68608K, 68% used [0x0000000080000000,0x0000000082df6690,0x0000000084300000)
 Metaspace       used 63488K, committed 64896K, reserved 1114112K
  class space    used 6835K, committed 7424K, reserved 1048576K
}
Event: 33.917 GC heap after
{Heap after GC invocations=44 (full 3):
 PSYoungGen      total 19456K, used 1535K [0x00000000d5580000, 0x00000000d6b00000, 0x0000000100000000)
  eden space 17920K, 0% used [0x00000000d5580000,0x00000000d5580000,0x00000000d6700000)
  from space 1536K, 99% used [0x00000000d6780000,0x00000000d68ffd20,0x00000000d6900000)
  to   space 2048K, 0% used [0x00000000d6900000,0x00000000d6900000,0x00000000d6b00000)
 ParOldGen       total 68608K, used 47831K [0x0000000080000000, 0x0000000084300000, 0x00000000d5580000)
  object space 68608K, 69% used [0x0000000080000000,0x0000000082eb5f70,0x0000000084300000)
 Metaspace       used 63488K, committed 64896K, reserved 1114112K
  class space    used 6835K, committed 7424K, reserved 1048576K
}
Event: 34.110 GC heap before
{Heap before GC invocations=45 (full 3):
 PSYoungGen      total 19456K, used 19455K [0x00000000d5580000, 0x00000000d6b00000, 0x0000000100000000)
  eden space 17920K, 100% used [0x00000000d5580000,0x00000000d6700000,0x00000000d6700000)
  from space 1536K, 99% used [0x00000000d6780000,0x00000000d68ffd20,0x00000000d6900000)
  to   space 2048K, 0% used [0x00000000d6900000,0x00000000d6900000,0x00000000d6b00000)
 ParOldGen       total 68608K, used 47831K [0x0000000080000000, 0x0000000084300000, 0x00000000d5580000)
  object space 68608K, 69% used [0x0000000080000000,0x0000000082eb5f70,0x0000000084300000)
 Metaspace       used 63770K, committed 65152K, reserved 1114112K
  class space    used 6837K, committed 7424K, reserved 1048576K
}
Event: 34.112 GC heap after
{Heap after GC invocations=45 (full 3):
 PSYoungGen      total 18432K, used 495K [0x00000000d5580000, 0x00000000d6980000, 0x0000000100000000)
  eden space 17920K, 0% used [0x00000000d5580000,0x00000000d5580000,0x00000000d6700000)
  from space 512K, 96% used [0x00000000d6900000,0x00000000d697be78,0x00000000d6980000)
  to   space 1024K, 0% used [0x00000000d6780000,0x00000000d6780000,0x00000000d6880000)
 ParOldGen       total 68608K, used 49205K [0x0000000080000000, 0x0000000084300000, 0x00000000d5580000)
  object space 68608K, 71% used [0x0000000080000000,0x000000008300d690,0x0000000084300000)
 Metaspace       used 63770K, committed 65152K, reserved 1114112K
  class space    used 6837K, committed 7424K, reserved 1048576K
}

Dll operation events (10 events):
Event: 0.016 Loaded shared library c:\Users\asgha\.antigravity\extensions\redhat.java-1.54.0-win32-x64\jre\21.0.10-win32-x86_64\bin\java.dll
Event: 0.115 Loaded shared library c:\Users\asgha\.antigravity\extensions\redhat.java-1.54.0-win32-x64\jre\21.0.10-win32-x86_64\bin\zip.dll
Event: 0.137 Loaded shared library C:\Users\asgha\.antigravity\extensions\redhat.java-1.54.0-win32-x64\jre\21.0.10-win32-x86_64\bin\instrument.dll
Event: 0.143 Loaded shared library C:\Users\asgha\.antigravity\extensions\redhat.java-1.54.0-win32-x64\jre\21.0.10-win32-x86_64\bin\net.dll
Event: 0.146 Loaded shared library C:\Users\asgha\.antigravity\extensions\redhat.java-1.54.0-win32-x64\jre\21.0.10-win32-x86_64\bin\nio.dll
Event: 0.151 Loaded shared library C:\Users\asgha\.antigravity\extensions\redhat.java-1.54.0-win32-x64\jre\21.0.10-win32-x86_64\bin\zip.dll
Event: 0.169 Loaded shared library C:\Users\asgha\.antigravity\extensions\redhat.java-1.54.0-win32-x64\jre\21.0.10-win32-x86_64\bin\jimage.dll
Event: 0.239 Loaded shared library c:\Users\asgha\.antigravity\extensions\redhat.java-1.54.0-win32-x64\jre\21.0.10-win32-x86_64\bin\verify.dll
Event: 9.957 Loaded shared library C:\Users\asgha\AppData\Roaming\Antigravity\User\globalStorage\redhat.java\1.54.0\config_win\org.eclipse.equinox.launcher\org.eclipse.equinox.launcher.win32.win32.x86_64_1.3.0.v20260203-2149\eclipse_11919.dll
Event: 19.693 Loaded shared library C:\Users\asgha\AppData\Local\Temp\jna-93109806\jna12654018554524231537.dll

Deoptimization events (20 events):
Event: 334.272 Thread 0x000001f474bc12c0 DEOPT PACKING pc=0x000001f4186d8cf4 sp=0x00000096f7ffde00
Event: 334.272 Thread 0x000001f474bc12c0 DEOPT UNPACKING pc=0x000001f41ec64242 sp=0x00000096f7ffd278 mode 0
Event: 334.274 Thread 0x000001f474bc12c0 Uncommon trap: trap_request=0xffffff6e fr.pc=0x000001f41f676bfc relative=0x000000000000015c
Event: 334.274 Thread 0x000001f474bc12c0 Uncommon trap: reason=loop_limit_check action=maybe_recompile pc=0x000001f41f676bfc method=org.eclipse.jdt.internal.compiler.lookup.ReferenceBinding.compare([C[CII)I @ 46 c2
Event: 334.274 Thread 0x000001f474bc12c0 DEOPT PACKING pc=0x000001f41f676bfc sp=0x00000096f7ffe4e0
Event: 334.274 Thread 0x000001f474bc12c0 DEOPT UNPACKING pc=0x000001f41ec63aa2 sp=0x00000096f7ffe450 mode 2
Event: 334.348 Thread 0x000001f474bc12c0 DEOPT PACKING pc=0x000001f418a35c97 sp=0x00000096f7ffe830
Event: 334.348 Thread 0x000001f474bc12c0 DEOPT UNPACKING pc=0x000001f41ec64242 sp=0x00000096f7ffdc78 mode 0
Event: 334.370 Thread 0x000001f4757090e0 Uncommon trap: trap_request=0xffffffcc fr.pc=0x000001f41f689f6c relative=0x000000000000022c
Event: 334.370 Thread 0x000001f4757090e0 Uncommon trap: reason=intrinsic_or_type_checked_inlining action=make_not_entrant pc=0x000001f41f689f6c method=java.util.ArrayList.toArray([Ljava/lang/Object;)[Ljava/lang/Object; @ 36 c2
Event: 334.370 Thread 0x000001f4757090e0 DEOPT PACKING pc=0x000001f41f689f6c sp=0x00000096f40fe290
Event: 334.370 Thread 0x000001f4757090e0 DEOPT UNPACKING pc=0x000001f41ec63aa2 sp=0x00000096f40fe240 mode 2
Event: 334.674 Thread 0x000001f4757090e0 Uncommon trap: trap_request=0xffffffc6 fr.pc=0x000001f41f315b88 relative=0x00000000000001e8
Event: 334.674 Thread 0x000001f4757090e0 Uncommon trap: reason=bimorphic_or_optimized_type_check action=maybe_recompile pc=0x000001f41f315b88 method=java.util.Collections.eq(Ljava/lang/Object;Ljava/lang/Object;)Z @ 18 c2
Event: 334.674 Thread 0x000001f4757090e0 DEOPT PACKING pc=0x000001f41f315b88 sp=0x00000096f40fe500
Event: 334.674 Thread 0x000001f4757090e0 DEOPT UNPACKING pc=0x000001f41ec63aa2 sp=0x00000096f40fe440 mode 2
Event: 334.675 Thread 0x000001f4757090e0 Uncommon trap: trap_request=0xffffffc6 fr.pc=0x000001f41f315b88 relative=0x00000000000001e8
Event: 334.675 Thread 0x000001f4757090e0 Uncommon trap: reason=bimorphic_or_optimized_type_check action=maybe_recompile pc=0x000001f41f315b88 method=java.util.Collections.eq(Ljava/lang/Object;Ljava/lang/Object;)Z @ 18 c2
Event: 334.675 Thread 0x000001f4757090e0 DEOPT PACKING pc=0x000001f41f315b88 sp=0x00000096f40fe660
Event: 334.675 Thread 0x000001f4757090e0 DEOPT UNPACKING pc=0x000001f41ec63aa2 sp=0x00000096f40fe5a0 mode 2

Classes loaded (20 events):
Event: 33.466 Loading class sun/nio/cs/ISO_8859_1$Decoder
Event: 33.466 Loading class sun/nio/cs/ISO_8859_1$Decoder done
Event: 333.343 Loading class java/util/stream/Nodes$CollectorTask$OfRef
Event: 333.353 Loading class java/util/stream/Nodes$CollectorTask
Event: 333.360 Loading class java/util/stream/Nodes$CollectorTask done
Event: 333.361 Loading class java/util/stream/Nodes$CollectorTask$OfRef done
Event: 333.363 Loading class java/util/function/LongFunction
Event: 333.364 Loading class java/util/function/LongFunction done
Event: 333.370 Loading class java/util/stream/Nodes$ConcNode
Event: 333.372 Loading class java/util/stream/Nodes$AbstractConcNode
Event: 333.377 Loading class java/util/stream/Nodes$AbstractConcNode done
Event: 333.378 Loading class java/util/stream/Nodes$ConcNode done
Event: 333.545 Loading class java/io/ObjectOutputStream$BlockDataOutputStream
Event: 333.547 Loading class java/io/ObjectOutputStream$BlockDataOutputStream done
Event: 333.547 Loading class java/io/ObjectOutputStream$HandleTable
Event: 333.549 Loading class java/io/ObjectOutputStream$HandleTable done
Event: 333.549 Loading class java/io/ObjectOutputStream$ReplaceTable
Event: 333.550 Loading class java/io/ObjectOutputStream$ReplaceTable done
Event: 334.129 Loading class java/util/concurrent/ArrayBlockingQueue
Event: 334.135 Loading class java/util/concurrent/ArrayBlockingQueue done

Classes unloaded (9 events):
Event: 20.157 Thread 0x000001f46d2514a0 Unloading class 0x000001f42c1a8c00 'java/lang/invoke/LambdaForm$MH+0x000001f42c1a8c00'
Event: 20.157 Thread 0x000001f46d2514a0 Unloading class 0x000001f42c1a8800 'java/lang/invoke/LambdaForm$MH+0x000001f42c1a8800'
Event: 20.157 Thread 0x000001f46d2514a0 Unloading class 0x000001f42c1a8400 'java/lang/invoke/LambdaForm$MH+0x000001f42c1a8400'
Event: 20.157 Thread 0x000001f46d2514a0 Unloading class 0x000001f42c1a8000 'java/lang/invoke/LambdaForm$MH+0x000001f42c1a8000'
Event: 20.157 Thread 0x000001f46d2514a0 Unloading class 0x000001f42c1a7c00 'java/lang/invoke/LambdaForm$BMH+0x000001f42c1a7c00'
Event: 20.157 Thread 0x000001f46d2514a0 Unloading class 0x000001f42c1a7800 'java/lang/invoke/LambdaForm$DMH+0x000001f42c1a7800'
Event: 20.157 Thread 0x000001f46d2514a0 Unloading class 0x000001f42c1a6400 'java/lang/invoke/LambdaForm$DMH+0x000001f42c1a6400'
Event: 32.630 Thread 0x000001f46d2514a0 Unloading class 0x000001f42c6b0400 'java/lang/invoke/LambdaForm$DMH+0x000001f42c6b0400'
Event: 32.630 Thread 0x000001f46d2514a0 Unloading class 0x000001f42c6b0000 'java/lang/invoke/LambdaForm$DMH+0x000001f42c6b0000'

Classes redefined (0 events):
No events

Internal exceptions (20 events):
Event: 33.001 Thread 0x000001f475707d30 Exception <a 'sun/nio/fs/WindowsException'{0x00000000d658c5c8}> (0x00000000d658c5c8) 
thrown [s\src\hotspot\share\prims\jni.cpp, line 520]
Event: 33.065 Thread 0x000001f46d4250a0 Exception <a 'java/io/FileNotFoundException'{0x00000000d563f910}> (0x00000000d563f910) 
thrown [s\src\hotspot\share\prims\jni.cpp, line 520]
Event: 33.065 Thread 0x000001f46d4250a0 Exception <a 'java/io/FileNotFoundException'{0x00000000d5640cd8}> (0x00000000d5640cd8) 
thrown [s\src\hotspot\share\prims\jni.cpp, line 520]
Event: 33.065 Thread 0x000001f46d4250a0 Exception <a 'java/io/FileNotFoundException'{0x00000000d5641f78}> (0x00000000d5641f78) 
thrown [s\src\hotspot\share\prims\jni.cpp, line 520]
Event: 33.129 Thread 0x000001f46d4250a0 Exception <a 'java/lang/NoSuchMethodError'{0x00000000d590f308}: 'java.lang.Object java.lang.invoke.DirectMethodHandle$Holder.newInvokeSpecial(java.lang.Object, java.lang.Object, int, java.lang.Object, java.lang.Object)'> (0x00000000d590f308) 
thrown [s\src\hotspot\share\interpreter\linkResolver.cpp, line 773]
Event: 33.132 Thread 0x000001f46d4250a0 Exception <a 'java/lang/NoSuchMethodError'{0x00000000d5929ed0}: 'java.lang.Object java.lang.invoke.DirectMethodHandle$Holder.invokeSpecial(java.lang.Object, java.lang.Object, java.lang.Object, int, java.lang.Object, java.lang.Object, java.lang.Object)'> (0x00000000d5929ed0) 
thrown [s\src\hotspot\share\interpreter\linkResolver.cpp, line 773]
Event: 33.133 Thread 0x000001f46d4250a0 Exception <a 'java/lang/NoSuchMethodError'{0x00000000d5932550}: 'java.lang.Object java.lang.invoke.DirectMethodHandle$Holder.invokeStatic(java.lang.Object, java.lang.Object, int, java.lang.Object, java.lang.Object)'> (0x00000000d5932550) 
thrown [s\src\hotspot\share\interpreter\linkResolver.cpp, line 773]
Event: 33.133 Thread 0x000001f46d4250a0 Exception <a 'java/lang/NoSuchMethodError'{0x00000000d59393a8}: 'java.lang.Object java.lang.invoke.DirectMethodHandle$Holder.newInvokeSpecial(java.lang.Object, java.lang.Object, int)'> (0x00000000d59393a8) 
thrown [s\src\hotspot\share\interpreter\linkResolver.cpp, line 773]
Event: 33.150 Thread 0x000001f46d4250a0 Exception <a 'java/lang/NoSuchMethodError'{0x00000000d59fb098}: 'void java.lang.invoke.DirectMethodHandle$Holder.invokeStatic(java.lang.Object, int)'> (0x00000000d59fb098) 
thrown [s\src\hotspot\share\interpreter\linkResolver.cpp, line 773]
Event: 33.358 Thread 0x000001f46d4250a0 Exception <a 'java/io/FileNotFoundException'{0x00000000d58f5448}> (0x00000000d58f5448) 
thrown [s\src\hotspot\share\prims\jni.cpp, line 520]
Event: 33.359 Thread 0x000001f46d4250a0 Exception <a 'java/io/FileNotFoundException'{0x00000000d58f6718}> (0x00000000d58f6718) 
thrown [s\src\hotspot\share\prims\jni.cpp, line 520]
Event: 33.359 Thread 0x000001f46d4250a0 Exception <a 'java/io/FileNotFoundException'{0x00000000d58f7720}> (0x00000000d58f7720) 
thrown [s\src\hotspot\share\prims\jni.cpp, line 520]
Event: 33.562 Thread 0x000001f46d427800 Exception <a 'java/lang/NoSuchMethodError'{0x00000000d5969500}: 'java.lang.Object java.lang.invoke.DirectMethodHandle$Holder.invokeStatic(java.lang.Object, java.lang.Object, int, java.lang.Object)'> (0x00000000d5969500) 
thrown [s\src\hotspot\share\interpreter\linkResolver.cpp, line 773]
Event: 33.614 Thread 0x000001f46d4250a0 Implicit null exception at 0x000001f41f49f29f to 0x000001f41f49ff3c
Event: 333.511 Thread 0x000001f4757090e0 Exception <a 'sun/nio/fs/WindowsException'{0x00000000d5924a10}> (0x00000000d5924a10) 
thrown [s\src\hotspot\share\prims\jni.cpp, line 520]
Event: 333.514 Thread 0x000001f4757090e0 Exception <a 'sun/nio/fs/WindowsException'{0x00000000d5925630}> (0x00000000d5925630) 
thrown [s\src\hotspot\share\prims\jni.cpp, line 520]
Event: 333.619 Thread 0x000001f4757090e0 Exception <a 'java/lang/NoSuchMethodError'{0x00000000d599d240}: static [J.<clinit>()V> (0x00000000d599d240) 
thrown [s\src\hotspot\share\prims\jni.cpp, line 1111]
Event: 333.657 Thread 0x000001f4757090e0 Exception <a 'java/lang/NoSuchMethodError'{0x00000000d59cb758}: 'java.lang.Object java.lang.invoke.DirectMethodHandle$Holder.newInvokeSpecial(java.lang.Object, java.lang.Object, java.lang.Object, java.lang.Object, java.lang.Object, java.lang.Object, java.lang.Object, java.lang.Object)'> (0x00000000d59cb758) 
thrown [s\src\hotspot\share\interpreter\linkResolver.cpp, line 773]
Event: 634.923 Thread 0x000001f46d427800 Exception <a 'sun/nio/fs/WindowsException'{0x00000000d582a4b8}> (0x00000000d582a4b8) 
thrown [s\src\hotspot\share\prims\jni.cpp, line 520]
Event: 634.927 Thread 0x000001f46d427800 Exception <a 'sun/nio/fs/WindowsException'{0x00000000d582ae40}> (0x00000000d582ae40) 
thrown [s\src\hotspot\share\prims\jni.cpp, line 520]

ZGC Phase Switch (0 events):
No events

VM Operations (20 events):
Event: 601.277 Executing non-safepoint VM operation: RendezvousGCThreads
Event: 601.277 Executing non-safepoint VM operation: RendezvousGCThreads done
Event: 635.565 Executing safepoint VM operation: Cleanup
Event: 635.566 Executing safepoint VM operation: Cleanup done
Event: 661.314 Executing non-safepoint VM operation: HandshakeAllThreads (HandshakeForDeflation)
Event: 661.314 Executing non-safepoint VM operation: HandshakeAllThreads (HandshakeForDeflation) done
Event: 661.314 Executing non-safepoint VM operation: RendezvousGCThreads
Event: 661.315 Executing non-safepoint VM operation: RendezvousGCThreads done
Event: 942.444 Executing safepoint VM operation: Cleanup
Event: 942.448 Executing safepoint VM operation: Cleanup done
Event: 1112.784 Executing safepoint VM operation: Cleanup
Event: 1112.787 Executing safepoint VM operation: Cleanup done
Event: 1142.209 Executing non-safepoint VM operation: HandshakeAllThreads (HandshakeForDeflation)
Event: 1142.210 Executing non-safepoint VM operation: HandshakeAllThreads (HandshakeForDeflation) done
Event: 1142.210 Executing non-safepoint VM operation: RendezvousGCThreads
Event: 1142.210 Executing non-safepoint VM operation: RendezvousGCThreads done
Event: 1202.278 Executing non-safepoint VM operation: HandshakeAllThreads (HandshakeForDeflation)
Event: 1202.285 Executing non-safepoint VM operation: HandshakeAllThreads (HandshakeForDeflation) done
Event: 1202.286 Executing non-safepoint VM operation: RendezvousGCThreads
Event: 1202.286 Executing non-safepoint VM operation: RendezvousGCThreads done

Memory protections (0 events):
No events

Nmethod flushes (20 events):
Event: 32.662 Thread 0x000001f46d2514a0 flushing  nmethod 0x000001f417f51c10
Event: 32.662 Thread 0x000001f46d2514a0 flushing  nmethod 0x000001f417f52190
Event: 32.662 Thread 0x000001f46d2514a0 flushing  nmethod 0x000001f417f68690
Event: 32.662 Thread 0x000001f46d2514a0 flushing  nmethod 0x000001f417f69a90
Event: 32.662 Thread 0x000001f46d2514a0 flushing  nmethod 0x000001f417f6a610
Event: 32.662 Thread 0x000001f46d2514a0 flushing  nmethod 0x000001f417f6ac10
Event: 32.662 Thread 0x000001f46d2514a0 flushing  nmethod 0x000001f417f6ba90
Event: 32.662 Thread 0x000001f46d2514a0 flushing  nmethod 0x000001f417f6d290
Event: 32.662 Thread 0x000001f46d2514a0 flushing  nmethod 0x000001f417f7dc90
Event: 32.662 Thread 0x000001f46d2514a0 flushing  nmethod 0x000001f417f93910
Event: 32.662 Thread 0x000001f46d2514a0 flushing  nmethod 0x000001f417fb4790
Event: 32.662 Thread 0x000001f46d2514a0 flushing  nmethod 0x000001f41801d290
Event: 32.662 Thread 0x000001f46d2514a0 flushing  nmethod 0x000001f41801eb90
Event: 32.662 Thread 0x000001f46d2514a0 flushing  nmethod 0x000001f418020690
Event: 32.662 Thread 0x000001f46d2514a0 flushing  nmethod 0x000001f41802af10
Event: 32.662 Thread 0x000001f46d2514a0 flushing  nmethod 0x000001f41802b690
Event: 32.662 Thread 0x000001f46d2514a0 flushing  nmethod 0x000001f41802ba10
Event: 32.662 Thread 0x000001f46d2514a0 flushing  nmethod 0x000001f41802bd90
Event: 32.662 Thread 0x000001f46d2514a0 flushing  nmethod 0x000001f41802ca90
Event: 32.662 Thread 0x000001f46d2514a0 flushing  nmethod 0x000001f418046f10

Events (20 events):
Event: 334.058 Thread 0x000001f41459d960 Thread added: 0x000001f474739e70
Event: 334.137 Thread 0x000001f4757090e0 Thread added: 0x000001f474bc12c0
Event: 339.687 Thread 0x000001f474739e70 Thread exited: 0x000001f474739e70
Event: 393.105 Thread 0x000001f474bc0c30 Thread exited: 0x000001f474bc0c30
Event: 394.385 Thread 0x000001f474bc12c0 Thread exited: 0x000001f474bc12c0
Event: 395.859 Thread 0x000001f475709e00 Thread exited: 0x000001f475709e00
Event: 453.108 Thread 0x000001f4757083c0 Thread exited: 0x000001f4757083c0
Event: 633.984 Thread 0x000001f475707d30 Thread exited: 0x000001f475707d30
Event: 633.985 Thread 0x000001f47570d280 Thread exited: 0x000001f47570d280
Event: 633.985 Thread 0x000001f47570ab20 Thread exited: 0x000001f47570ab20
Event: 633.985 Thread 0x000001f46d426ae0 Thread exited: 0x000001f46d426ae0
Event: 633.985 Thread 0x000001f46d4250a0 Thread exited: 0x000001f46d4250a0
Event: 633.985 Thread 0x000001f47570d910 Thread exited: 0x000001f47570d910
Event: 634.001 Thread 0x000001f47570e630 Thread exited: 0x000001f47570e630
Event: 634.001 Thread 0x000001f47570dfa0 Thread exited: 0x000001f47570dfa0
Event: 634.002 Thread 0x000001f475707010 Thread exited: 0x000001f475707010
Event: 634.869 Thread 0x000001f46d427800 Thread added: 0x000001f474bc0c30
Event: 634.881 Thread 0x000001f474bc0c30 Thread exited: 0x000001f474bc0c30
Event: 634.937 Thread 0x000001f46d427800 Thread added: 0x000001f474bc0c30
Event: 634.938 Thread 0x000001f474bc0c30 Thread exited: 0x000001f474bc0c30


Dynamic libraries:
0x00007ff793460000 - 0x00007ff79346e000 	c:\Users\asgha\.antigravity\extensions\redhat.java-1.54.0-win32-x64\jre\21.0.10-win32-x86_64\bin\java.exe
0x00007ffb792a0000 - 0x00007ffb79507000 	C:\WINDOWS\SYSTEM32\ntdll.dll
0x00007ffb778a0000 - 0x00007ffb77969000 	C:\WINDOWS\System32\KERNEL32.DLL
0x00007ffb75cd0000 - 0x00007ffb760c7000 	C:\WINDOWS\System32\KERNELBASE.dll
0x00007ffb76d80000 - 0x00007ffb76ecb000 	C:\WINDOWS\System32\ucrtbase.dll
0x00007ffb3ff80000 - 0x00007ffb3ff98000 	c:\Users\asgha\.antigravity\extensions\redhat.java-1.54.0-win32-x64\jre\21.0.10-win32-x86_64\bin\jli.dll
0x00007ffb77620000 - 0x00007ffb777e6000 	C:\WINDOWS\System32\USER32.dll
0x00007ffb76250000 - 0x00007ffb76277000 	C:\WINDOWS\System32\win32u.dll
0x00007ffb3e150000 - 0x00007ffb3e16e000 	c:\Users\asgha\.antigravity\extensions\redhat.java-1.54.0-win32-x64\jre\21.0.10-win32-x86_64\bin\VCRUNTIME140.dll
0x00007ffb78820000 - 0x00007ffb7884b000 	C:\WINDOWS\System32\GDI32.dll
0x00007ffb76280000 - 0x00007ffb763ac000 	C:\WINDOWS\System32\gdi32full.dll
0x00007ffb76cd0000 - 0x00007ffb76d73000 	C:\WINDOWS\System32\msvcp_win.dll
0x00007ffb5ac50000 - 0x00007ffb5aee2000 	C:\WINDOWS\WinSxS\amd64_microsoft.windows.common-controls_6595b64144ccf1df_6.0.26100.8328_none_3e08182ce334b678\COMCTL32.dll
0x00007ffb77e40000 - 0x00007ffb77ee9000 	C:\WINDOWS\System32\msvcrt.dll
0x00007ffb770a0000 - 0x00007ffb770d2000 	C:\WINDOWS\System32\IMM32.DLL
0x00007ffb5e650000 - 0x00007ffb5e65c000 	c:\Users\asgha\.antigravity\extensions\redhat.java-1.54.0-win32-x64\jre\21.0.10-win32-x86_64\bin\vcruntime140_1.dll
0x00007ffb11f10000 - 0x00007ffb11f9d000 	c:\Users\asgha\.antigravity\extensions\redhat.java-1.54.0-win32-x64\jre\21.0.10-win32-x86_64\bin\msvcp140.dll
0x00007ffa66010000 - 0x00007ffa66db1000 	c:\Users\asgha\.antigravity\extensions\redhat.java-1.54.0-win32-x64\jre\21.0.10-win32-x86_64\bin\server\jvm.dll
0x00007ffb78850000 - 0x00007ffb78906000 	C:\WINDOWS\System32\ADVAPI32.dll
0x00007ffb777f0000 - 0x00007ffb77897000 	C:\WINDOWS\System32\sechost.dll
0x00007ffb78db0000 - 0x00007ffb78ec8000 	C:\WINDOWS\System32\RPCRT4.dll
0x00007ffb77490000 - 0x00007ffb77510000 	C:\WINDOWS\System32\WS2_32.dll
0x00007ffb75b30000 - 0x00007ffb75b8e000 	C:\WINDOWS\SYSTEM32\POWRPROF.dll
0x00007ffb73dc0000 - 0x00007ffb73dcb000 	C:\WINDOWS\SYSTEM32\VERSION.dll
0x00007ffb6b5d0000 - 0x00007ffb6b606000 	C:\WINDOWS\SYSTEM32\WINMM.dll
0x00007ffb75b10000 - 0x00007ffb75b24000 	C:\WINDOWS\SYSTEM32\UMPDC.dll
0x00007ffb74a60000 - 0x00007ffb74a7b000 	C:\WINDOWS\SYSTEM32\kernel.appcore.dll
0x00007ffb59360000 - 0x00007ffb5936a000 	c:\Users\asgha\.antigravity\extensions\redhat.java-1.54.0-win32-x64\jre\21.0.10-win32-x86_64\bin\jimage.dll
0x00007ffb68420000 - 0x00007ffb68662000 	C:\WINDOWS\SYSTEM32\DBGHELP.DLL
0x00007ffb78ed0000 - 0x00007ffb79253000 	C:\WINDOWS\System32\combase.dll
0x00007ffb78670000 - 0x00007ffb78749000 	C:\WINDOWS\System32\OLEAUT32.dll
0x00007ffb5c0a0000 - 0x00007ffb5c0db000 	C:\WINDOWS\SYSTEM32\dbgcore.DLL
0x00007ffb763b0000 - 0x00007ffb76458000 	C:\WINDOWS\System32\bcryptPrimitives.dll
0x00007ffb4ead0000 - 0x00007ffb4eadf000 	c:\Users\asgha\.antigravity\extensions\redhat.java-1.54.0-win32-x64\jre\21.0.10-win32-x86_64\bin\instrument.dll
0x00007ffb3e130000 - 0x00007ffb3e150000 	c:\Users\asgha\.antigravity\extensions\redhat.java-1.54.0-win32-x64\jre\21.0.10-win32-x86_64\bin\java.dll
0x00007ffb77ef0000 - 0x00007ffb7865e000 	C:\WINDOWS\System32\SHELL32.dll
0x00007ffb76460000 - 0x00007ffb76ccc000 	C:\WINDOWS\System32\windows.storage.dll
0x00007ffb77520000 - 0x00007ffb77616000 	C:\WINDOWS\System32\SHCORE.dll
0x00007ffb78760000 - 0x00007ffb787c6000 	C:\WINDOWS\System32\shlwapi.dll
0x00007ffb75bf0000 - 0x00007ffb75c19000 	C:\WINDOWS\SYSTEM32\profapi.dll
0x00007ffb39180000 - 0x00007ffb39198000 	c:\Users\asgha\.antigravity\extensions\redhat.java-1.54.0-win32-x64\jre\21.0.10-win32-x86_64\bin\zip.dll
0x00007ffb5e010000 - 0x00007ffb5e020000 	C:\Users\asgha\.antigravity\extensions\redhat.java-1.54.0-win32-x64\jre\21.0.10-win32-x86_64\bin\net.dll
0x00007ffb6ab50000 - 0x00007ffb6ac79000 	C:\WINDOWS\SYSTEM32\WINHTTP.dll
0x00007ffb74fd0000 - 0x00007ffb7503c000 	C:\WINDOWS\system32\mswsock.dll
0x00007ffb39160000 - 0x00007ffb39176000 	C:\Users\asgha\.antigravity\extensions\redhat.java-1.54.0-win32-x64\jre\21.0.10-win32-x86_64\bin\nio.dll
0x00007ffb4c310000 - 0x00007ffb4c320000 	c:\Users\asgha\.antigravity\extensions\redhat.java-1.54.0-win32-x64\jre\21.0.10-win32-x86_64\bin\verify.dll
0x00007ffb30110000 - 0x00007ffb30155000 	C:\Users\asgha\AppData\Roaming\Antigravity\User\globalStorage\redhat.java\1.54.0\config_win\org.eclipse.equinox.launcher\org.eclipse.equinox.launcher.win32.win32.x86_64_1.3.0.v20260203-2149\eclipse_11919.dll
0x00007ffb772f0000 - 0x00007ffb77487000 	C:\WINDOWS\System32\ole32.dll
0x00007ffb752b0000 - 0x00007ffb752cb000 	C:\WINDOWS\SYSTEM32\CRYPTSP.dll
0x00007ffb749c0000 - 0x00007ffb749f9000 	C:\WINDOWS\system32\rsaenh.dll
0x00007ffb75080000 - 0x00007ffb750b3000 	C:\WINDOWS\SYSTEM32\USERENV.dll
0x00007ffb75bc0000 - 0x00007ffb75bea000 	C:\WINDOWS\SYSTEM32\bcrypt.dll
0x00007ffb752d0000 - 0x00007ffb752dc000 	C:\WINDOWS\SYSTEM32\CRYPTBASE.dll
0x00007ffb74480000 - 0x00007ffb744b2000 	C:\WINDOWS\SYSTEM32\IPHLPAPI.DLL
0x00007ffb78910000 - 0x00007ffb7891a000 	C:\WINDOWS\System32\NSI.dll
0x00007ffb120e0000 - 0x00007ffb12129000 	C:\Users\asgha\AppData\Local\Temp\jna-93109806\jna12654018554524231537.dll
0x00007ffb77970000 - 0x00007ffb77978000 	C:\WINDOWS\System32\PSAPI.DLL
0x00007ffb6bdd0000 - 0x00007ffb6bded000 	C:\WINDOWS\SYSTEM32\dhcpcsvc6.DLL
0x00007ffb6bcd0000 - 0x00007ffb6bcf5000 	C:\WINDOWS\SYSTEM32\dhcpcsvc.DLL

JVMTI agents:
c:\Users\asgha\.antigravity\extensions\redhat.java-1.54.0-win32-x64\lombok\lombok-1.18.39-4050.jar path:c:\Users\asgha\.antigravity\extensions\redhat.java-1.54.0-win32-x64\jre\21.0.10-win32-x86_64\bin\instrument.dll, loaded, initialized, instrumentlib options:none

dbghelp: loaded successfully - version: 4.0.5 - missing functions: none
symbol engine: initialized successfully - sym options: 0x614 - pdb path: .;c:\Users\asgha\.antigravity\extensions\redhat.java-1.54.0-win32-x64\jre\21.0.10-win32-x86_64\bin;C:\WINDOWS\SYSTEM32;C:\WINDOWS\WinSxS\amd64_microsoft.windows.common-controls_6595b64144ccf1df_6.0.26100.8328_none_3e08182ce334b678;c:\Users\asgha\.antigravity\extensions\redhat.java-1.54.0-win32-x64\jre\21.0.10-win32-x86_64\bin\server;C:\Users\asgha\AppData\Roaming\Antigravity\User\globalStorage\redhat.java\1.54.0\config_win\org.eclipse.equinox.launcher\org.eclipse.equinox.launcher.win32.win32.x86_64_1.3.0.v20260203-2149;C:\Users\asgha\AppData\Local\Temp\jna-93109806

VM Arguments:
jvm_args: --add-modules=ALL-SYSTEM --add-opens=java.base/java.util=ALL-UNNAMED --add-opens=java.base/java.lang=ALL-UNNAMED --add-opens=java.base/sun.nio.fs=ALL-UNNAMED -Declipse.application=org.eclipse.jdt.ls.core.id1 -Dosgi.bundles.defaultStartLevel=4 -Declipse.product=org.eclipse.jdt.ls.core.product -Djava.import.generatesMetadataFilesAtProjectRoot=false -DDetectVMInstallationsJob.disabled=true -Dfile.encoding=utf8 -XX:+UseParallelGC -XX:GCTimeRatio=4 -XX:AdaptiveSizePolicyWeight=90 -Dsun.zip.disableMemoryMapping=true -Xmx2G -Xms100m -Xlog:disable -javaagent:c:\Users\asgha\.antigravity\extensions\redhat.java-1.54.0-win32-x64\lombok\lombok-1.18.39-4050.jar -XX:+HeapDumpOnOutOfMemoryError -XX:HeapDumpPath=c:\Users\asgha\AppData\Roaming\Antigravity\User\workspaceStorage\809475b4d48e94bcb1ae06d7f4424946\redhat.java -Daether.dependencyCollector.impl=bf 
java_command: c:\Users\asgha\.antigravity\extensions\redhat.java-1.54.0-win32-x64\server\plugins\org.eclipse.equinox.launcher_1.7.100.v20251111-0406.jar -configuration c:\Users\asgha\AppData\Roaming\Antigravity\User\globalStorage\redhat.java\1.54.0\config_win -data c:\Users\asgha\AppData\Roaming\Antigravity\User\workspaceStorage\809475b4d48e94bcb1ae06d7f4424946\redhat.java\jdt_ws --pipe=\\.\pipe\lsp-406b4d216ee69ae28ba83a4d4ed54691-sock
java_class_path (initial): c:\Users\asgha\.antigravity\extensions\redhat.java-1.54.0-win32-x64\server\plugins\org.eclipse.equinox.launcher_1.7.100.v20251111-0406.jar
Launcher Type: SUN_STANDARD

[Global flags]
    uintx AdaptiveSizePolicyWeight                 = 90                                        {product} {command line}
     intx CICompilerCount                          = 4                                         {product} {ergonomic}
    uintx GCTimeRatio                              = 4                                         {product} {command line}
     bool HeapDumpOnOutOfMemoryError               = true                                   {manageable} {command line}
    ccstr HeapDumpPath                             = c:\Users\asgha\AppData\Roaming\Antigravity\User\workspaceStorage\809475b4d48e94bcb1ae06d7f4424946\redhat.java         {manageable} {command line}
   size_t InitialHeapSize                          = 104857600                                 {product} {command line}
   size_t MaxHeapSize                              = 2147483648                                {product} {command line}
   size_t MaxNewSize                               = 715653120                                 {product} {ergonomic}
   size_t MinHeapDeltaBytes                        = 524288                                    {product} {ergonomic}
   size_t MinHeapSize                              = 104857600                                 {product} {command line}
   size_t NewSize                                  = 34603008                                  {product} {ergonomic}
    uintx NonNMethodCodeHeapSize                   = 5839372                                {pd product} {ergonomic}
    uintx NonProfiledCodeHeapSize                  = 122909434                              {pd product} {ergonomic}
   size_t OldSize                                  = 70254592                                  {product} {ergonomic}
    uintx ProfiledCodeHeapSize                     = 122909434                              {pd product} {ergonomic}
    uintx ReservedCodeCacheSize                    = 251658240                              {pd product} {ergonomic}
     bool SegmentedCodeCache                       = true                                      {product} {ergonomic}
   size_t SoftMaxHeapSize                          = 2147483648                             {manageable} {ergonomic}
     bool UseCompressedOops                        = true                           {product lp64_product} {ergonomic}
     bool UseLargePagesIndividualAllocation        = false                                  {pd product} {ergonomic}
     bool UseParallelGC                            = true                                      {product} {command line}

Logging:
Log output configuration:
 #0: stdout all=off uptime,level,tags foldmultilines=false
 #1: stderr all=off uptime,level,tags foldmultilines=false

Release file:
JAVA_VERSION="21.0.10" 
MODULES="java.base java.compiler java.datatransfer java.xml java.prefs java.desktop java.instrument java.logging java.management java.security.sasl java.naming java.rmi java.management.rmi java.net.http java.scripting java.security.jgss java.transaction.xa java.sql java.sql.rowset java.xml.crypto java.se java.smartcardio jdk.accessibility jdk.internal.jvmstat jdk.attach jdk.charsets jdk.internal.opt jdk.zipfs jdk.compiler jdk.crypto.ec jdk.crypto.cryptoki jdk.crypto.mscapi jdk.dynalink jdk.internal.ed jdk.editpad jdk.hotspot.agent jdk.httpserver jdk.internal.le jdk.internal.vm.ci jdk.internal.vm.compiler jdk.internal.vm.compiler.management jdk.jartool jdk.javadoc jdk.jcmd jdk.management jdk.management.agent jdk.jconsole jdk.jdeps jdk.jdwp.agent jdk.jdi jdk.jfr jdk.jshell jdk.jsobject jdk.jstatd jdk.localedata jdk.management.jfr jdk.naming.dns jdk.naming.rmi jdk.net jdk.nio.mapmode jdk.random jdk.sctp jdk.security.auth jdk.security.jgss jdk.unsupported jdk.unsupported.desktop jdk.xml.dom" 

Environment Variables:
JAVA_HOME=C:\Program Files\Eclipse Adoptium\jdk-8.0.482.8-hotspot\
PATH=C:\Program Files\Eclipse Adoptium\jdk-8.0.482.8-hotspot\bin;C:\Program Files\Microsoft\jdk-11.0.30.7-hotspot\bin;C:\Program Files (x86)\VMware\VMware Workstation\bin\;C:\WINDOWS\system32;C:\WINDOWS;C:\WINDOWS\System32\Wbem;C:\WINDOWS\System32\WindowsPowerShell\v1.0\;C:\WINDOWS\System32\OpenSSH\;C:\Users\asgha\AppData\Local\Microsoft\WindowsApps\python.exe;C:\Program Files\nodejs\;C:\Program Files\Git\cmd;C:\Program Files\GitHub CLI\;C:\Program Files\cursor\resources\app\bin;C:\Program Files\Docker\Docker\resources\bin;C:\Program Files\Amazon\AWSCLIV2\;C:\Users\asgha\AppData\Local\Microsoft\WindowsApps;C:\Users\asgha\AppData\Local\Programs\Microsoft VS Code\bin;C:\Users\asgha\AppData\Roaming\npm;C:\Program Files (x86)\MongoDB Atlas CLI\;C:\Users\asgha\go\bin;C:\Users\asgha\Downloads\php-8.5.0-nts-Win32-vs17-x64 (1);C:\Users\asgha\flutter\bin;C:\Users\asgha\AppData\Local\Android\Sdk\platform-tools;C:\maven\apache-maven-3.9.6\bin;D:\Antigravity\bin;C:\Users\asgha\AppData\Local\Microsoft\WinGet\Packages\Gyan.FFmpeg_Microsoft.Winget.Source_8wekyb3d8bbwe\ffmpeg-8.1-full_build\bin;C:\Users\asgha\AppData\Local\Microsoft\WinGet\Packages\Hashicorp.Terraform_Microsoft.Winget.Source_8wekyb3d8bbwe;C:\Users\asgha\AppData\Local\Microsoft\WinGet\Packages\Hashicorp.Packer_Microsoft.Winget.Source_8wekyb3d8bbwe;
USERNAME=asgha
OS=Windows_NT
PROCESSOR_IDENTIFIER=AMD64 Family 25 Model 68 Stepping 1, AuthenticAMD
TMP=C:\Users\asgha\AppData\Local\Temp
TEMP=C:\Users\asgha\AppData\Local\Temp




Periodic native trim disabled

---------------  S Y S T E M  ---------------

OS:
 Windows 11 , 64 bit Build 26100 (10.0.26100.8328)
OS uptime: 1 days 20:10 hours
Hyper-V role detected

CPU: total 12 (initial active 12) (12 cores per cpu, 2 threads per core) family 25 model 68 stepping 1 microcode 0xa40410a, cx8, cmov, fxsr, ht, mmx, 3dnowpref, sse, sse2, sse3, ssse3, sse4a, sse4.1, sse4.2, popcnt, lzcnt, tsc, tscinvbit, avx, avx2, aes, erms, clmul, bmi1, bmi2, adx, sha, fma, vzeroupper, clflush, clflushopt, hv, rdtscp, rdpid, fsrm, f16c, cet_ss
Processor Information for processor 0
  Max Mhz: 3301, Current Mhz: 3301, Mhz Limit: 3301
Processor Information for processor 1
  Max Mhz: 3301, Current Mhz: 2635, Mhz Limit: 3301
Processor Information for processor 2
  Max Mhz: 3301, Current Mhz: 3301, Mhz Limit: 3301
Processor Information for processor 3
  Max Mhz: 3301, Current Mhz: 2635, Mhz Limit: 3301
Processor Information for processor 4
  Max Mhz: 3301, Current Mhz: 2635, Mhz Limit: 3301
Processor Information for processor 5
  Max Mhz: 3301, Current Mhz: 3301, Mhz Limit: 3301
Processor Information for processor 6
  Max Mhz: 3301, Current Mhz: 3301, Mhz Limit: 3301
Processor Information for processor 7
  Max Mhz: 3301, Current Mhz: 2635, Mhz Limit: 3301
Processor Information for processor 8
  Max Mhz: 3301, Current Mhz: 3301, Mhz Limit: 3301
Processor Information for processor 9
  Max Mhz: 3301, Current Mhz: 2635, Mhz Limit: 3301
Processor Information for processor 10
  Max Mhz: 3301, Current Mhz: 2635, Mhz Limit: 3301
Processor Information for processor 11
  Max Mhz: 3301, Current Mhz: 2635, Mhz Limit: 3301

Memory: 4k page, system-wide physical 7381M (470M free)
TotalPageFile size 29909M (AvailPageFile size 0M)
current process WorkingSet (physical memory assigned to process): 7M, peak: 255M
current process commit charge ("private bytes"): 354M, peak: 391M

vm_info: OpenJDK 64-Bit Server VM (21.0.10+7-LTS) for windows-amd64 JRE (21.0.10+7-LTS), built on 2026-01-20T00:00:00Z by "admin" with MS VC++ 17.12 (VS2022)

END.
